[2025-11-27 01:48:08,119 INFO] Default transforms (might be overridden downstream): ['sentencepiece', 'filtertoolong'].
[2025-11-27 01:48:08,119 INFO] Missing transforms field for corpus_1 data, set to default: ['sentencepiece', 'filtertoolong'].
[2025-11-27 01:48:08,120 INFO] Missing transforms field for valid data, set to default: ['sentencepiece', 'filtertoolong'].
[2025-11-27 01:48:08,120 INFO] Parsed 2 corpora from -data.
[2025-11-27 01:48:08,120 INFO] Get special vocabs from Transforms: {'src': [], 'tgt': []}.
[2025-11-27 01:48:08,187 INFO] Transforms applied: ['filtertoolong', 'sentencepiece']
[2025-11-27 01:48:08,193 INFO] The first 10 tokens of the vocabs are:['<blank>', '<pad>', '<unk>', '<s>', '</s>', '<mask>', '▁t', 'he', '▁a', 'in']
[2025-11-27 01:48:08,193 INFO] The decoder start token is: <s>
[2025-11-27 01:48:08,193 INFO] bos_token token is: <s> id: [3]
[2025-11-27 01:48:08,193 INFO] eos_token token is: </s> id: [4]
[2025-11-27 01:48:08,193 INFO] pad_token token is: <blank> id: [0]
[2025-11-27 01:48:08,194 INFO] unk_token token is: <unk> id: [2]
[2025-11-27 01:48:08,194 INFO] Building model...
[2025-11-27 01:48:08,803 INFO] EncoderDecoderModel(
  (encoder): TransformerEncoder(
    (transformer_layers): ModuleList(
      (0-5): 6 x TransformerEncoderLayer(
        (input_layernorm): LayerNorm((512,), eps=1e-05, elementwise_affine=True)
        (self_attn): SelfMHA(
          (linear_keys): Linear(in_features=512, out_features=512, bias=False)
          (linear_values): Linear(in_features=512, out_features=512, bias=False)
          (linear_query): Linear(in_features=512, out_features=512, bias=False)
          (dropout): Dropout(p=0.1, inplace=False)
          (final_linear): Linear(in_features=512, out_features=512, bias=False)
        )
        (dropout): Dropout(p=0.1, inplace=False)
        (post_attention_layernorm): LayerNorm((512,), eps=1e-05, elementwise_affine=True)
        (mlp): MLP(
          (gate_up_proj): Linear(in_features=512, out_features=2048, bias=False)
          (down_proj): Linear(in_features=2048, out_features=512, bias=False)
          (dropout_1): Dropout(p=0.1, inplace=False)
          (dropout_2): Dropout(p=0.1, inplace=False)
        )
      )
    )
    (layer_norm): LayerNorm((512,), eps=1e-05, elementwise_affine=True)
  )
  (decoder): TransformerDecoder(
    (transformer_layers): ModuleList(
      (0-5): 6 x TransformerDecoderLayer(
        (input_layernorm): LayerNorm((512,), eps=1e-05, elementwise_affine=True)
        (self_attn): SelfMHA(
          (linear_keys): Linear(in_features=512, out_features=512, bias=False)
          (linear_values): Linear(in_features=512, out_features=512, bias=False)
          (linear_query): Linear(in_features=512, out_features=512, bias=False)
          (dropout): Dropout(p=0.1, inplace=False)
          (final_linear): Linear(in_features=512, out_features=512, bias=False)
        )
        (dropout): Dropout(p=0.1, inplace=False)
        (precontext_layernorm): LayerNorm((512,), eps=1e-05, elementwise_affine=True)
        (context_attn): ContextMHA(
          (linear_keys): Linear(in_features=512, out_features=512, bias=False)
          (linear_values): Linear(in_features=512, out_features=512, bias=False)
          (linear_query): Linear(in_features=512, out_features=512, bias=False)
          (dropout): Dropout(p=0.1, inplace=False)
          (final_linear): Linear(in_features=512, out_features=512, bias=False)
        )
        (post_attention_layernorm): LayerNorm((512,), eps=1e-05, elementwise_affine=True)
        (mlp): MLP(
          (gate_up_proj): Linear(in_features=512, out_features=2048, bias=False)
          (down_proj): Linear(in_features=2048, out_features=512, bias=False)
          (dropout_1): Dropout(p=0.1, inplace=False)
          (dropout_2): Dropout(p=0.1, inplace=False)
        )
      )
    )
    (layer_norm): LayerNorm((512,), eps=1e-05, elementwise_affine=True)
  )
  (src_emb): Embeddings(
    (embeddings): Embedding(32000, 512, padding_idx=0)
    (dropout): Dropout(p=0.1, inplace=False)
    (pe): PositionalEncoding()
  )
  (tgt_emb): Embeddings(
    (embeddings): Embedding(32000, 512, padding_idx=0)
    (dropout): Dropout(p=0.1, inplace=False)
    (pe): PositionalEncoding()
  )
  (generator): Linear(in_features=512, out_features=32000, bias=True)
)
[2025-11-27 01:48:08,805 INFO] embeddings: 32768000
[2025-11-27 01:48:08,805 INFO] encoder: 18887680
[2025-11-27 01:48:08,805 INFO] decoder: 25185280
[2025-11-27 01:48:08,805 INFO] generator: 16416000
[2025-11-27 01:48:08,805 INFO] other: 0
[2025-11-27 01:48:08,805 INFO] * number of parameters: 93256960
[2025-11-27 01:48:08,805 INFO] Trainable parameters = {'torch.float32': 93256960}
[2025-11-27 01:48:08,805 INFO] Non trainable parameters = {}
[2025-11-27 01:48:08,805 INFO]  * src vocab size = 32000
[2025-11-27 01:48:08,805 INFO]  * tgt vocab size = 32000
[2025-11-27 01:48:08,818 INFO] Transforms applied: ['sentencepiece', 'filtertoolong']
[2025-11-27 01:48:31,026 INFO] Default transforms (might be overridden downstream): ['sentencepiece', 'filtertoolong'].
[2025-11-27 01:48:31,026 INFO] Missing transforms field for corpus_1 data, set to default: ['sentencepiece', 'filtertoolong'].
[2025-11-27 01:48:31,026 INFO] Missing transforms field for valid data, set to default: ['sentencepiece', 'filtertoolong'].
[2025-11-27 01:48:31,026 INFO] Parsed 2 corpora from -data.
[2025-11-27 01:48:31,026 INFO] Get special vocabs from Transforms: {'src': [], 'tgt': []}.
[2025-11-27 01:48:31,092 INFO] Transforms applied: ['filtertoolong', 'sentencepiece']
[2025-11-27 01:48:31,098 INFO] The first 10 tokens of the vocabs are:['<blank>', '<pad>', '<unk>', '<s>', '</s>', '<mask>', '▁t', 'he', '▁a', 'in']
[2025-11-27 01:48:31,098 INFO] The decoder start token is: <s>
[2025-11-27 01:48:31,098 INFO] bos_token token is: <s> id: [3]
[2025-11-27 01:48:31,098 INFO] eos_token token is: </s> id: [4]
[2025-11-27 01:48:31,098 INFO] pad_token token is: <blank> id: [0]
[2025-11-27 01:48:31,098 INFO] unk_token token is: <unk> id: [2]
[2025-11-27 01:48:31,098 INFO] Building model...
[2025-11-27 01:48:31,711 INFO] EncoderDecoderModel(
  (encoder): TransformerEncoder(
    (transformer_layers): ModuleList(
      (0-5): 6 x TransformerEncoderLayer(
        (input_layernorm): LayerNorm((512,), eps=1e-05, elementwise_affine=True)
        (self_attn): SelfMHA(
          (linear_keys): Linear(in_features=512, out_features=512, bias=False)
          (linear_values): Linear(in_features=512, out_features=512, bias=False)
          (linear_query): Linear(in_features=512, out_features=512, bias=False)
          (dropout): Dropout(p=0.1, inplace=False)
          (final_linear): Linear(in_features=512, out_features=512, bias=False)
        )
        (dropout): Dropout(p=0.1, inplace=False)
        (post_attention_layernorm): LayerNorm((512,), eps=1e-05, elementwise_affine=True)
        (mlp): MLP(
          (gate_up_proj): Linear(in_features=512, out_features=2048, bias=False)
          (down_proj): Linear(in_features=2048, out_features=512, bias=False)
          (dropout_1): Dropout(p=0.1, inplace=False)
          (dropout_2): Dropout(p=0.1, inplace=False)
        )
      )
    )
    (layer_norm): LayerNorm((512,), eps=1e-05, elementwise_affine=True)
  )
  (decoder): TransformerDecoder(
    (transformer_layers): ModuleList(
      (0-5): 6 x TransformerDecoderLayer(
        (input_layernorm): LayerNorm((512,), eps=1e-05, elementwise_affine=True)
        (self_attn): SelfMHA(
          (linear_keys): Linear(in_features=512, out_features=512, bias=False)
          (linear_values): Linear(in_features=512, out_features=512, bias=False)
          (linear_query): Linear(in_features=512, out_features=512, bias=False)
          (dropout): Dropout(p=0.1, inplace=False)
          (final_linear): Linear(in_features=512, out_features=512, bias=False)
        )
        (dropout): Dropout(p=0.1, inplace=False)
        (precontext_layernorm): LayerNorm((512,), eps=1e-05, elementwise_affine=True)
        (context_attn): ContextMHA(
          (linear_keys): Linear(in_features=512, out_features=512, bias=False)
          (linear_values): Linear(in_features=512, out_features=512, bias=False)
          (linear_query): Linear(in_features=512, out_features=512, bias=False)
          (dropout): Dropout(p=0.1, inplace=False)
          (final_linear): Linear(in_features=512, out_features=512, bias=False)
        )
        (post_attention_layernorm): LayerNorm((512,), eps=1e-05, elementwise_affine=True)
        (mlp): MLP(
          (gate_up_proj): Linear(in_features=512, out_features=2048, bias=False)
          (down_proj): Linear(in_features=2048, out_features=512, bias=False)
          (dropout_1): Dropout(p=0.1, inplace=False)
          (dropout_2): Dropout(p=0.1, inplace=False)
        )
      )
    )
    (layer_norm): LayerNorm((512,), eps=1e-05, elementwise_affine=True)
  )
  (src_emb): Embeddings(
    (embeddings): Embedding(32000, 512, padding_idx=0)
    (dropout): Dropout(p=0.1, inplace=False)
    (pe): PositionalEncoding()
  )
  (tgt_emb): Embeddings(
    (embeddings): Embedding(32000, 512, padding_idx=0)
    (dropout): Dropout(p=0.1, inplace=False)
    (pe): PositionalEncoding()
  )
  (generator): Linear(in_features=512, out_features=32000, bias=True)
)
[2025-11-27 01:48:31,713 INFO] embeddings: 32768000
[2025-11-27 01:48:31,713 INFO] encoder: 18887680
[2025-11-27 01:48:31,713 INFO] decoder: 25185280
[2025-11-27 01:48:31,713 INFO] generator: 16416000
[2025-11-27 01:48:31,713 INFO] other: 0
[2025-11-27 01:48:31,713 INFO] * number of parameters: 93256960
[2025-11-27 01:48:31,713 INFO] Trainable parameters = {'torch.float32': 93256960}
[2025-11-27 01:48:31,713 INFO] Non trainable parameters = {}
[2025-11-27 01:48:31,713 INFO]  * src vocab size = 32000
[2025-11-27 01:48:31,713 INFO]  * tgt vocab size = 32000
[2025-11-27 01:48:31,726 INFO] Transforms applied: ['sentencepiece', 'filtertoolong']
[2025-11-27 01:57:53,785 INFO] Default transforms (might be overridden downstream): ['sentencepiece', 'filtertoolong'].
[2025-11-27 01:57:53,785 INFO] Missing transforms field for corpus_1 data, set to default: ['sentencepiece', 'filtertoolong'].
[2025-11-27 01:57:53,785 INFO] Missing transforms field for valid data, set to default: ['sentencepiece', 'filtertoolong'].
[2025-11-27 01:57:53,785 INFO] Parsed 2 corpora from -data.
[2025-11-27 01:57:53,785 INFO] Get special vocabs from Transforms: {'src': [], 'tgt': []}.
[2025-11-27 01:57:53,854 INFO] Transforms applied: ['filtertoolong', 'sentencepiece']
[2025-11-27 01:57:53,861 INFO] The first 10 tokens of the vocabs are:['<blank>', '<pad>', '<unk>', '<s>', '</s>', '<mask>', '▁t', 'he', '▁a', 'in']
[2025-11-27 01:57:53,861 INFO] The decoder start token is: <s>
[2025-11-27 01:57:53,861 INFO] bos_token token is: <s> id: [3]
[2025-11-27 01:57:53,861 INFO] eos_token token is: </s> id: [4]
[2025-11-27 01:57:53,861 INFO] pad_token token is: <blank> id: [0]
[2025-11-27 01:57:53,861 INFO] unk_token token is: <unk> id: [2]
[2025-11-27 01:57:53,861 INFO] Building model...
[2025-11-27 01:57:54,472 INFO] EncoderDecoderModel(
  (encoder): TransformerEncoder(
    (transformer_layers): ModuleList(
      (0-5): 6 x TransformerEncoderLayer(
        (input_layernorm): LayerNorm((512,), eps=1e-05, elementwise_affine=True)
        (self_attn): SelfMHA(
          (linear_keys): Linear(in_features=512, out_features=512, bias=False)
          (linear_values): Linear(in_features=512, out_features=512, bias=False)
          (linear_query): Linear(in_features=512, out_features=512, bias=False)
          (dropout): Dropout(p=0.1, inplace=False)
          (final_linear): Linear(in_features=512, out_features=512, bias=False)
        )
        (dropout): Dropout(p=0.1, inplace=False)
        (post_attention_layernorm): LayerNorm((512,), eps=1e-05, elementwise_affine=True)
        (mlp): MLP(
          (gate_up_proj): Linear(in_features=512, out_features=2048, bias=False)
          (down_proj): Linear(in_features=2048, out_features=512, bias=False)
          (dropout_1): Dropout(p=0.1, inplace=False)
          (dropout_2): Dropout(p=0.1, inplace=False)
        )
      )
    )
    (layer_norm): LayerNorm((512,), eps=1e-05, elementwise_affine=True)
  )
  (decoder): TransformerDecoder(
    (transformer_layers): ModuleList(
      (0-5): 6 x TransformerDecoderLayer(
        (input_layernorm): LayerNorm((512,), eps=1e-05, elementwise_affine=True)
        (self_attn): SelfMHA(
          (linear_keys): Linear(in_features=512, out_features=512, bias=False)
          (linear_values): Linear(in_features=512, out_features=512, bias=False)
          (linear_query): Linear(in_features=512, out_features=512, bias=False)
          (dropout): Dropout(p=0.1, inplace=False)
          (final_linear): Linear(in_features=512, out_features=512, bias=False)
        )
        (dropout): Dropout(p=0.1, inplace=False)
        (precontext_layernorm): LayerNorm((512,), eps=1e-05, elementwise_affine=True)
        (context_attn): ContextMHA(
          (linear_keys): Linear(in_features=512, out_features=512, bias=False)
          (linear_values): Linear(in_features=512, out_features=512, bias=False)
          (linear_query): Linear(in_features=512, out_features=512, bias=False)
          (dropout): Dropout(p=0.1, inplace=False)
          (final_linear): Linear(in_features=512, out_features=512, bias=False)
        )
        (post_attention_layernorm): LayerNorm((512,), eps=1e-05, elementwise_affine=True)
        (mlp): MLP(
          (gate_up_proj): Linear(in_features=512, out_features=2048, bias=False)
          (down_proj): Linear(in_features=2048, out_features=512, bias=False)
          (dropout_1): Dropout(p=0.1, inplace=False)
          (dropout_2): Dropout(p=0.1, inplace=False)
        )
      )
    )
    (layer_norm): LayerNorm((512,), eps=1e-05, elementwise_affine=True)
  )
  (src_emb): Embeddings(
    (embeddings): Embedding(32000, 512, padding_idx=0)
    (dropout): Dropout(p=0.1, inplace=False)
    (pe): PositionalEncoding()
  )
  (tgt_emb): Embeddings(
    (embeddings): Embedding(32000, 512, padding_idx=0)
    (dropout): Dropout(p=0.1, inplace=False)
    (pe): PositionalEncoding()
  )
  (generator): Linear(in_features=512, out_features=32000, bias=True)
)
[2025-11-27 01:57:54,474 INFO] embeddings: 32768000
[2025-11-27 01:57:54,474 INFO] encoder: 18887680
[2025-11-27 01:57:54,474 INFO] decoder: 25185280
[2025-11-27 01:57:54,474 INFO] generator: 16416000
[2025-11-27 01:57:54,474 INFO] other: 0
[2025-11-27 01:57:54,474 INFO] * number of parameters: 93256960
[2025-11-27 01:57:54,475 INFO] Trainable parameters = {'torch.float32': 93256960}
[2025-11-27 01:57:54,475 INFO] Non trainable parameters = {}
[2025-11-27 01:57:54,475 INFO]  * src vocab size = 32000
[2025-11-27 01:57:54,475 INFO]  * tgt vocab size = 32000
[2025-11-27 01:57:54,488 INFO] Transforms applied: ['sentencepiece', 'filtertoolong']
[2025-11-27 01:57:54,564 INFO] Starting training on GPU: [0]
[2025-11-27 01:57:54,564 INFO] Start training loop and validate every 5000 steps...
[2025-11-27 01:57:54,565 INFO] Scoring with: {'sentencepiece': SentencePieceTransform(share_vocab=False, src_subword_model=models/spm.en.model, tgt_subword_model=models/spm.hi.model, src_subword_alpha=0.0, tgt_subword_alpha=0.0, src_subword_vocab=, tgt_subword_vocab=, src_vocab_threshold=0, tgt_vocab_threshold=0, src_subword_nbest=1, tgt_subword_nbest=1), 'filtertoolong': FilterTooLongTransform(src_seq_length=200, tgt_seq_length=200)}
[2025-11-27 01:58:40,421 INFO] Step 1, cuda OOM - batch removed
[2025-11-27 01:58:40,446 INFO] Step 1, cuda OOM - batch removed
[2025-11-27 01:58:40,523 INFO] Step 1, cuda OOM - batch removed
[2025-11-27 01:58:40,583 INFO] Step 1, cuda OOM - batch removed
[2025-11-27 01:58:42,432 INFO] Step 2, cuda OOM - batch removed
[2025-11-27 01:58:42,467 INFO] Step 2, cuda OOM - batch removed
[2025-11-27 01:58:42,949 INFO] Step 3, cuda OOM - batch removed
[2025-11-27 01:58:42,961 INFO] Step 3, cuda OOM - batch removed
[2025-11-27 01:58:43,054 INFO] Step 3, cuda OOM - batch removed
[2025-11-27 01:58:43,220 INFO] Step 3, cuda OOM - batch removed
[2025-11-27 01:58:43,466 INFO] Step 4, cuda OOM - batch removed
[2025-11-27 01:58:43,473 INFO] Step 4, cuda OOM - batch removed
[2025-11-27 01:58:43,546 INFO] Step 4, cuda OOM - batch removed
[2025-11-27 01:58:43,635 INFO] Step 4, cuda OOM - batch removed
[2025-11-27 01:58:43,909 INFO] Step 5, cuda OOM - batch removed
[2025-11-27 01:58:43,914 INFO] Step 5, cuda OOM - batch removed
[2025-11-27 01:58:43,960 INFO] Step 5, cuda OOM - batch removed
[2025-11-27 01:58:44,013 INFO] Step 5, cuda OOM - batch removed
[2025-11-27 01:58:44,359 INFO] Step 6, cuda OOM - batch removed
[2025-11-27 01:58:44,371 INFO] Step 6, cuda OOM - batch removed
[2025-11-27 01:58:44,606 INFO] Step 6, cuda OOM - batch removed
[2025-11-27 01:58:44,723 INFO] Step 6, cuda OOM - batch removed
[2025-11-27 01:58:45,026 INFO] Step 7, cuda OOM - batch removed
[2025-11-27 01:58:45,051 INFO] Step 7, cuda OOM - batch removed
[2025-11-27 01:58:45,216 INFO] Step 7, cuda OOM - batch removed
[2025-11-27 01:58:45,272 INFO] Step 7, cuda OOM - batch removed
[2025-11-27 01:58:45,512 INFO] Step 8, cuda OOM - batch removed
[2025-11-27 01:58:45,519 INFO] Step 8, cuda OOM - batch removed
[2025-11-27 01:58:45,570 INFO] Step 8, cuda OOM - batch removed
[2025-11-27 01:58:45,626 INFO] Step 8, cuda OOM - batch removed
[2025-11-27 01:58:46,442 INFO] Step 9, cuda OOM - batch removed
[2025-11-27 01:58:46,455 INFO] Step 9, cuda OOM - batch removed
[2025-11-27 01:58:46,503 INFO] Step 9, cuda OOM - batch removed
[2025-11-27 01:58:46,819 INFO] Step 10, cuda OOM - batch removed
[2025-11-27 01:58:46,825 INFO] Step 10, cuda OOM - batch removed
[2025-11-27 01:58:46,869 INFO] Step 10, cuda OOM - batch removed
[2025-11-27 01:58:46,923 INFO] Step 10, cuda OOM - batch removed
[2025-11-27 01:58:46,991 INFO] Step 11, cuda OOM - batch removed
[2025-11-27 01:58:47,260 INFO] Step 11, cuda OOM - batch removed
[2025-11-27 01:58:47,349 INFO] Step 11, cuda OOM - batch removed
[2025-11-27 01:58:47,356 INFO] Step 11, cuda OOM - batch removed
[2025-11-27 01:58:47,606 INFO] Step 12, cuda OOM - batch removed
[2025-11-27 01:58:47,619 INFO] Step 12, cuda OOM - batch removed
[2025-11-27 01:58:47,725 INFO] Step 12, cuda OOM - batch removed
[2025-11-27 01:58:47,860 INFO] Step 12, cuda OOM - batch removed
[2025-11-27 01:58:48,183 INFO] Step 13, cuda OOM - batch removed
[2025-11-27 01:58:48,189 INFO] Step 13, cuda OOM - batch removed
[2025-11-27 01:58:48,241 INFO] Step 13, cuda OOM - batch removed
[2025-11-27 01:58:48,308 INFO] Step 13, cuda OOM - batch removed
[2025-11-27 01:58:48,596 INFO] Step 14, cuda OOM - batch removed
[2025-11-27 01:58:48,601 INFO] Step 14, cuda OOM - batch removed
[2025-11-27 01:58:48,647 INFO] Step 14, cuda OOM - batch removed
[2025-11-27 01:58:48,718 INFO] Step 14, cuda OOM - batch removed
[2025-11-27 01:58:49,003 INFO] Step 15, cuda OOM - batch removed
[2025-11-27 01:58:49,008 INFO] Step 15, cuda OOM - batch removed
[2025-11-27 01:58:49,050 INFO] Step 15, cuda OOM - batch removed
[2025-11-27 01:58:49,096 INFO] Step 15, cuda OOM - batch removed
[2025-11-27 01:58:49,313 INFO] Step 16, cuda OOM - batch removed
[2025-11-27 01:58:49,326 INFO] Step 16, cuda OOM - batch removed
[2025-11-27 01:58:49,582 INFO] Step 16, cuda OOM - batch removed
[2025-11-27 01:58:49,593 INFO] Step 16, cuda OOM - batch removed
[2025-11-27 01:58:50,017 INFO] Step 17, cuda OOM - batch removed
[2025-11-27 01:58:50,046 INFO] Step 17, cuda OOM - batch removed
[2025-11-27 01:58:50,114 INFO] Step 17, cuda OOM - batch removed
[2025-11-27 01:58:50,172 INFO] Step 17, cuda OOM - batch removed
[2025-11-27 01:58:50,456 INFO] Step 18, cuda OOM - batch removed
[2025-11-27 01:58:50,465 INFO] Step 18, cuda OOM - batch removed
[2025-11-27 01:58:50,668 INFO] Step 18, cuda OOM - batch removed
[2025-11-27 01:58:50,719 INFO] Step 18, cuda OOM - batch removed
[2025-11-27 01:58:51,046 INFO] Step 19, cuda OOM - batch removed
[2025-11-27 01:58:51,056 INFO] Step 19, cuda OOM - batch removed
[2025-11-27 01:58:51,135 INFO] Step 19, cuda OOM - batch removed
[2025-11-27 01:58:51,302 INFO] Step 19, cuda OOM - batch removed
[2025-11-27 01:58:51,552 INFO] Step 20, cuda OOM - batch removed
[2025-11-27 01:58:51,561 INFO] Step 20, cuda OOM - batch removed
[2025-11-27 01:58:51,641 INFO] Step 20, cuda OOM - batch removed
[2025-11-27 01:58:51,753 INFO] Step 20, cuda OOM - batch removed
[2025-11-27 01:58:52,019 INFO] Step 21, cuda OOM - batch removed
[2025-11-27 01:58:52,024 INFO] Step 21, cuda OOM - batch removed
[2025-11-27 01:58:52,064 INFO] Step 21, cuda OOM - batch removed
[2025-11-27 01:58:52,105 INFO] Step 21, cuda OOM - batch removed
[2025-11-27 01:58:52,363 INFO] Step 22, cuda OOM - batch removed
[2025-11-27 01:58:52,368 INFO] Step 22, cuda OOM - batch removed
[2025-11-27 01:58:52,410 INFO] Step 22, cuda OOM - batch removed
[2025-11-27 01:58:52,460 INFO] Step 22, cuda OOM - batch removed
[2025-11-27 01:58:52,732 INFO] Step 23, cuda OOM - batch removed
[2025-11-27 01:58:52,740 INFO] Step 23, cuda OOM - batch removed
[2025-11-27 01:58:52,865 INFO] Step 23, cuda OOM - batch removed
[2025-11-27 01:58:52,874 INFO] Step 23, cuda OOM - batch removed
[2025-11-27 01:58:52,946 INFO] Step 24, cuda OOM - batch removed
[2025-11-27 01:58:53,153 INFO] Step 24, cuda OOM - batch removed
[2025-11-27 01:58:53,199 INFO] Step 24, cuda OOM - batch removed
[2025-11-27 01:58:53,246 INFO] Step 24, cuda OOM - batch removed
[2025-11-27 01:58:53,609 INFO] Step 25, cuda OOM - batch removed
[2025-11-27 01:58:53,620 INFO] Step 25, cuda OOM - batch removed
[2025-11-27 01:58:53,734 INFO] Step 25, cuda OOM - batch removed
[2025-11-27 01:58:53,860 INFO] Step 25, cuda OOM - batch removed
[2025-11-27 01:58:54,259 INFO] Step 26, cuda OOM - batch removed
[2025-11-27 01:58:54,269 INFO] Step 26, cuda OOM - batch removed
[2025-11-27 01:58:54,370 INFO] Step 26, cuda OOM - batch removed
[2025-11-27 01:58:54,513 INFO] Step 26, cuda OOM - batch removed
[2025-11-27 01:58:54,532 INFO] Step 27, cuda OOM - batch removed
[2025-11-27 01:58:54,713 INFO] Step 27, cuda OOM - batch removed
[2025-11-27 01:58:54,780 INFO] Step 27, cuda OOM - batch removed
[2025-11-27 01:58:54,844 INFO] Step 27, cuda OOM - batch removed
[2025-11-27 01:58:54,920 INFO] Step 28, cuda OOM - batch removed
[2025-11-27 01:58:55,128 INFO] Step 28, cuda OOM - batch removed
[2025-11-27 01:58:55,180 INFO] Step 28, cuda OOM - batch removed
[2025-11-27 01:58:55,232 INFO] Step 28, cuda OOM - batch removed
[2025-11-27 01:58:55,300 INFO] Step 29, cuda OOM - batch removed
[2025-11-27 01:58:55,485 INFO] Step 29, cuda OOM - batch removed
[2025-11-27 01:58:55,562 INFO] Step 29, cuda OOM - batch removed
[2025-11-27 01:58:55,637 INFO] Step 29, cuda OOM - batch removed
[2025-11-27 01:58:55,915 INFO] Step 30, cuda OOM - batch removed
[2025-11-27 01:58:55,926 INFO] Step 30, cuda OOM - batch removed
[2025-11-27 01:58:56,112 INFO] Step 30, cuda OOM - batch removed
[2025-11-27 01:58:56,120 INFO] Step 30, cuda OOM - batch removed
[2025-11-27 01:58:56,423 INFO] Step 31, cuda OOM - batch removed
[2025-11-27 01:58:56,429 INFO] Step 31, cuda OOM - batch removed
[2025-11-27 01:58:56,483 INFO] Step 31, cuda OOM - batch removed
[2025-11-27 01:58:56,543 INFO] Step 31, cuda OOM - batch removed
[2025-11-27 01:58:56,826 INFO] Step 32, cuda OOM - batch removed
[2025-11-27 01:58:56,833 INFO] Step 32, cuda OOM - batch removed
[2025-11-27 01:58:56,899 INFO] Step 32, cuda OOM - batch removed
[2025-11-27 01:58:56,980 INFO] Step 32, cuda OOM - batch removed
[2025-11-27 01:58:57,090 INFO] Step 33, cuda OOM - batch removed
[2025-11-27 01:58:57,350 INFO] Step 33, cuda OOM - batch removed
[2025-11-27 01:58:57,432 INFO] Step 33, cuda OOM - batch removed
[2025-11-27 01:58:57,506 INFO] Step 33, cuda OOM - batch removed
[2025-11-27 01:58:57,909 INFO] Step 34, cuda OOM - batch removed
[2025-11-27 01:58:57,918 INFO] Step 34, cuda OOM - batch removed
[2025-11-27 01:58:57,998 INFO] Step 34, cuda OOM - batch removed
[2025-11-27 01:58:58,087 INFO] Step 34, cuda OOM - batch removed
[2025-11-27 01:58:58,382 INFO] Step 35, cuda OOM - batch removed
[2025-11-27 01:58:58,389 INFO] Step 35, cuda OOM - batch removed
[2025-11-27 01:58:58,457 INFO] Step 35, cuda OOM - batch removed
[2025-11-27 01:58:58,534 INFO] Step 35, cuda OOM - batch removed
[2025-11-27 01:58:58,809 INFO] Step 36, cuda OOM - batch removed
[2025-11-27 01:58:58,818 INFO] Step 36, cuda OOM - batch removed
[2025-11-27 01:58:58,903 INFO] Step 36, cuda OOM - batch removed
[2025-11-27 01:58:59,001 INFO] Step 36, cuda OOM - batch removed
[2025-11-27 01:58:59,345 INFO] Step 37, cuda OOM - batch removed
[2025-11-27 01:58:59,351 INFO] Step 37, cuda OOM - batch removed
[2025-11-27 01:58:59,402 INFO] Step 37, cuda OOM - batch removed
[2025-11-27 01:58:59,462 INFO] Step 37, cuda OOM - batch removed
[2025-11-27 01:58:59,779 INFO] Step 38, cuda OOM - batch removed
[2025-11-27 01:58:59,785 INFO] Step 38, cuda OOM - batch removed
[2025-11-27 01:58:59,852 INFO] Step 38, cuda OOM - batch removed
[2025-11-27 01:58:59,926 INFO] Step 38, cuda OOM - batch removed
[2025-11-27 01:59:00,286 INFO] Step 39, cuda OOM - batch removed
[2025-11-27 01:59:00,294 INFO] Step 39, cuda OOM - batch removed
[2025-11-27 01:59:00,366 INFO] Step 39, cuda OOM - batch removed
[2025-11-27 01:59:00,456 INFO] Step 39, cuda OOM - batch removed
[2025-11-27 01:59:00,820 INFO] Step 40, cuda OOM - batch removed
[2025-11-27 01:59:00,827 INFO] Step 40, cuda OOM - batch removed
[2025-11-27 01:59:00,901 INFO] Step 40, cuda OOM - batch removed
[2025-11-27 01:59:00,970 INFO] Step 40, cuda OOM - batch removed
[2025-11-27 01:59:01,276 INFO] Step 41, cuda OOM - batch removed
[2025-11-27 01:59:01,282 INFO] Step 41, cuda OOM - batch removed
[2025-11-27 01:59:01,337 INFO] Step 41, cuda OOM - batch removed
[2025-11-27 01:59:01,443 INFO] Step 41, cuda OOM - batch removed
[2025-11-27 01:59:01,459 INFO] Step 42, cuda OOM - batch removed
[2025-11-27 01:59:01,668 INFO] Step 42, cuda OOM - batch removed
[2025-11-27 01:59:01,733 INFO] Step 42, cuda OOM - batch removed
[2025-11-27 01:59:01,796 INFO] Step 42, cuda OOM - batch removed
[2025-11-27 01:59:01,846 INFO] Step 43, cuda OOM - batch removed
[2025-11-27 01:59:02,025 INFO] Step 43, cuda OOM - batch removed
[2025-11-27 01:59:02,102 INFO] Step 43, cuda OOM - batch removed
[2025-11-27 01:59:02,187 INFO] Step 43, cuda OOM - batch removed
[2025-11-27 01:59:02,532 INFO] Step 44, cuda OOM - batch removed
[2025-11-27 01:59:02,539 INFO] Step 44, cuda OOM - batch removed
[2025-11-27 01:59:02,614 INFO] Step 44, cuda OOM - batch removed
[2025-11-27 01:59:02,695 INFO] Step 44, cuda OOM - batch removed
[2025-11-27 01:59:02,996 INFO] Step 45, cuda OOM - batch removed
[2025-11-27 01:59:03,004 INFO] Step 45, cuda OOM - batch removed
[2025-11-27 01:59:03,100 INFO] Step 45, cuda OOM - batch removed
[2025-11-27 01:59:03,105 INFO] Step 45, cuda OOM - batch removed
[2025-11-27 01:59:03,349 INFO] Step 46, cuda OOM - batch removed
[2025-11-27 01:59:03,357 INFO] Step 46, cuda OOM - batch removed
[2025-11-27 01:59:03,426 INFO] Step 46, cuda OOM - batch removed
[2025-11-27 01:59:03,510 INFO] Step 46, cuda OOM - batch removed
[2025-11-27 01:59:03,823 INFO] Step 47, cuda OOM - batch removed
[2025-11-27 01:59:03,829 INFO] Step 47, cuda OOM - batch removed
[2025-11-27 01:59:03,910 INFO] Step 47, cuda OOM - batch removed
[2025-11-27 01:59:04,006 INFO] Step 47, cuda OOM - batch removed
[2025-11-27 01:59:04,115 INFO] Step 48, cuda OOM - batch removed
[2025-11-27 01:59:04,329 INFO] Step 48, cuda OOM - batch removed
[2025-11-27 01:59:04,384 INFO] Step 48, cuda OOM - batch removed
[2025-11-27 01:59:04,449 INFO] Step 48, cuda OOM - batch removed
[2025-11-27 01:59:04,508 INFO] Step 49, cuda OOM - batch removed
[2025-11-27 01:59:04,716 INFO] Step 49, cuda OOM - batch removed
[2025-11-27 01:59:04,761 INFO] Step 49, cuda OOM - batch removed
[2025-11-27 01:59:04,805 INFO] Step 49, cuda OOM - batch removed
[2025-11-27 01:59:04,856 INFO] Step 50, cuda OOM - batch removed
[2025-11-27 01:59:05,078 INFO] Step 50, cuda OOM - batch removed
[2025-11-27 01:59:05,127 INFO] Step 50, cuda OOM - batch removed
[2025-11-27 01:59:05,175 INFO] Step 50, cuda OOM - batch removed
[2025-11-27 01:59:05,234 INFO] Step 51, cuda OOM - batch removed
[2025-11-27 01:59:05,451 INFO] Step 51, cuda OOM - batch removed
[2025-11-27 01:59:05,503 INFO] Step 51, cuda OOM - batch removed
[2025-11-27 01:59:05,558 INFO] Step 51, cuda OOM - batch removed
[2025-11-27 01:59:05,884 INFO] Step 52, cuda OOM - batch removed
[2025-11-27 01:59:05,914 INFO] Step 52, cuda OOM - batch removed
[2025-11-27 01:59:06,067 INFO] Step 52, cuda OOM - batch removed
[2025-11-27 01:59:06,091 INFO] Step 52, cuda OOM - batch removed
[2025-11-27 01:59:06,419 INFO] Step 53, cuda OOM - batch removed
[2025-11-27 01:59:06,425 INFO] Step 53, cuda OOM - batch removed
[2025-11-27 01:59:06,474 INFO] Step 53, cuda OOM - batch removed
[2025-11-27 01:59:06,534 INFO] Step 53, cuda OOM - batch removed
[2025-11-27 01:59:06,609 INFO] Step 54, cuda OOM - batch removed
[2025-11-27 01:59:06,848 INFO] Step 54, cuda OOM - batch removed
[2025-11-27 01:59:06,952 INFO] Step 54, cuda OOM - batch removed
[2025-11-27 01:59:07,054 INFO] Step 54, cuda OOM - batch removed
[2025-11-27 01:59:07,161 INFO] Step 55, cuda OOM - batch removed
[2025-11-27 01:59:07,426 INFO] Step 55, cuda OOM - batch removed
[2025-11-27 01:59:07,505 INFO] Step 55, cuda OOM - batch removed
[2025-11-27 01:59:07,578 INFO] Step 55, cuda OOM - batch removed
[2025-11-27 01:59:07,664 INFO] Step 56, cuda OOM - batch removed
[2025-11-27 01:59:07,903 INFO] Step 56, cuda OOM - batch removed
[2025-11-27 01:59:08,002 INFO] Step 56, cuda OOM - batch removed
[2025-11-27 01:59:08,093 INFO] Step 56, cuda OOM - batch removed
[2025-11-27 01:59:08,196 INFO] Step 57, cuda OOM - batch removed
[2025-11-27 01:59:08,476 INFO] Step 57, cuda OOM - batch removed
[2025-11-27 01:59:08,556 INFO] Step 57, cuda OOM - batch removed
[2025-11-27 01:59:08,648 INFO] Step 57, cuda OOM - batch removed
[2025-11-27 01:59:08,919 INFO] Step 58, cuda OOM - batch removed
[2025-11-27 01:59:08,949 INFO] Step 58, cuda OOM - batch removed
[2025-11-27 01:59:09,105 INFO] Step 58, cuda OOM - batch removed
[2025-11-27 01:59:09,115 INFO] Step 58, cuda OOM - batch removed
[2025-11-27 01:59:09,469 INFO] Step 59, cuda OOM - batch removed
[2025-11-27 01:59:09,478 INFO] Step 59, cuda OOM - batch removed
[2025-11-27 01:59:09,569 INFO] Step 59, cuda OOM - batch removed
[2025-11-27 01:59:09,668 INFO] Step 59, cuda OOM - batch removed
[2025-11-27 01:59:09,764 INFO] Step 60, cuda OOM - batch removed
[2025-11-27 01:59:09,985 INFO] Step 60, cuda OOM - batch removed
[2025-11-27 01:59:10,093 INFO] Step 60, cuda OOM - batch removed
[2025-11-27 01:59:10,194 INFO] Step 60, cuda OOM - batch removed
[2025-11-27 01:59:10,315 INFO] Step 61, cuda OOM - batch removed
[2025-11-27 01:59:10,590 INFO] Step 61, cuda OOM - batch removed
[2025-11-27 01:59:10,806 INFO] Step 61, cuda OOM - batch removed
[2025-11-27 01:59:10,905 INFO] Step 61, cuda OOM - batch removed
[2025-11-27 01:59:10,927 INFO] Step 62, cuda OOM - batch removed
[2025-11-27 01:59:11,161 INFO] Step 62, cuda OOM - batch removed
[2025-11-27 01:59:11,249 INFO] Step 62, cuda OOM - batch removed
[2025-11-27 01:59:11,325 INFO] Step 62, cuda OOM - batch removed
[2025-11-27 01:59:11,669 INFO] Step 63, cuda OOM - batch removed
[2025-11-27 01:59:11,677 INFO] Step 63, cuda OOM - batch removed
[2025-11-27 01:59:11,793 INFO] Step 63, cuda OOM - batch removed
[2025-11-27 01:59:11,953 INFO] Step 63, cuda OOM - batch removed
[2025-11-27 01:59:12,322 INFO] Step 64, cuda OOM - batch removed
[2025-11-27 01:59:12,355 INFO] Step 64, cuda OOM - batch removed
[2025-11-27 01:59:12,433 INFO] Step 64, cuda OOM - batch removed
[2025-11-27 01:59:12,602 INFO] Step 64, cuda OOM - batch removed
[2025-11-27 01:59:12,869 INFO] Step 65, cuda OOM - batch removed
[2025-11-27 01:59:12,875 INFO] Step 65, cuda OOM - batch removed
[2025-11-27 01:59:12,927 INFO] Step 65, cuda OOM - batch removed
[2025-11-27 01:59:12,979 INFO] Step 65, cuda OOM - batch removed
[2025-11-27 01:59:13,043 INFO] Step 66, cuda OOM - batch removed
[2025-11-27 01:59:13,240 INFO] Step 66, cuda OOM - batch removed
[2025-11-27 01:59:13,295 INFO] Step 66, cuda OOM - batch removed
[2025-11-27 01:59:13,350 INFO] Step 66, cuda OOM - batch removed
[2025-11-27 01:59:13,639 INFO] Step 67, cuda OOM - batch removed
[2025-11-27 01:59:13,649 INFO] Step 67, cuda OOM - batch removed
[2025-11-27 01:59:13,783 INFO] Step 67, cuda OOM - batch removed
[2025-11-27 01:59:13,920 INFO] Step 67, cuda OOM - batch removed
[2025-11-27 01:59:14,060 INFO] Step 68, cuda OOM - batch removed
[2025-11-27 01:59:14,272 INFO] Step 68, cuda OOM - batch removed
[2025-11-27 01:59:14,320 INFO] Step 68, cuda OOM - batch removed
[2025-11-27 01:59:14,368 INFO] Step 68, cuda OOM - batch removed
[2025-11-27 01:59:14,438 INFO] Step 69, cuda OOM - batch removed
[2025-11-27 01:59:14,716 INFO] Step 69, cuda OOM - batch removed
[2025-11-27 01:59:14,873 INFO] Step 69, cuda OOM - batch removed
[2025-11-27 01:59:14,878 INFO] Step 69, cuda OOM - batch removed
[2025-11-27 01:59:14,958 INFO] Step 70, cuda OOM - batch removed
[2025-11-27 01:59:15,229 INFO] Step 70, cuda OOM - batch removed
[2025-11-27 01:59:15,301 INFO] Step 70, cuda OOM - batch removed
[2025-11-27 01:59:15,416 INFO] Step 70, cuda OOM - batch removed
[2025-11-27 01:59:15,436 INFO] Step 71, cuda OOM - batch removed
[2025-11-27 01:59:15,646 INFO] Step 71, cuda OOM - batch removed
[2025-11-27 01:59:15,702 INFO] Step 71, cuda OOM - batch removed
[2025-11-27 01:59:15,757 INFO] Step 71, cuda OOM - batch removed
[2025-11-27 01:59:16,020 INFO] Step 72, cuda OOM - batch removed
[2025-11-27 01:59:16,077 INFO] Step 72, cuda OOM - batch removed
[2025-11-27 01:59:16,168 INFO] Step 72, cuda OOM - batch removed
[2025-11-27 01:59:16,258 INFO] Step 72, cuda OOM - batch removed
[2025-11-27 01:59:16,362 INFO] Step 73, cuda OOM - batch removed
[2025-11-27 01:59:16,631 INFO] Step 73, cuda OOM - batch removed
[2025-11-27 01:59:16,702 INFO] Step 73, cuda OOM - batch removed
[2025-11-27 01:59:16,758 INFO] Step 73, cuda OOM - batch removed
[2025-11-27 01:59:16,833 INFO] Step 74, cuda OOM - batch removed
[2025-11-27 01:59:17,051 INFO] Step 74, cuda OOM - batch removed
[2025-11-27 01:59:17,106 INFO] Step 74, cuda OOM - batch removed
[2025-11-27 01:59:17,160 INFO] Step 74, cuda OOM - batch removed
[2025-11-27 01:59:17,225 INFO] Step 75, cuda OOM - batch removed
[2025-11-27 01:59:17,429 INFO] Step 75, cuda OOM - batch removed
[2025-11-27 01:59:17,483 INFO] Step 75, cuda OOM - batch removed
[2025-11-27 01:59:17,538 INFO] Step 75, cuda OOM - batch removed
[2025-11-27 01:59:17,855 INFO] Step 76, cuda OOM - batch removed
[2025-11-27 01:59:17,863 INFO] Step 76, cuda OOM - batch removed
[2025-11-27 01:59:17,975 INFO] Step 76, cuda OOM - batch removed
[2025-11-27 01:59:18,082 INFO] Step 76, cuda OOM - batch removed
[2025-11-27 01:59:18,200 INFO] Step 77, cuda OOM - batch removed
[2025-11-27 01:59:18,408 INFO] Step 77, cuda OOM - batch removed
[2025-11-27 01:59:18,474 INFO] Step 77, cuda OOM - batch removed
[2025-11-27 01:59:18,537 INFO] Step 77, cuda OOM - batch removed
[2025-11-27 01:59:18,597 INFO] Step 78, cuda OOM - batch removed
[2025-11-27 01:59:18,820 INFO] Step 78, cuda OOM - batch removed
[2025-11-27 01:59:18,872 INFO] Step 78, cuda OOM - batch removed
[2025-11-27 01:59:18,923 INFO] Step 78, cuda OOM - batch removed
[2025-11-27 01:59:18,991 INFO] Step 79, cuda OOM - batch removed
[2025-11-27 01:59:19,234 INFO] Step 79, cuda OOM - batch removed
[2025-11-27 01:59:19,309 INFO] Step 79, cuda OOM - batch removed
[2025-11-27 01:59:19,382 INFO] Step 79, cuda OOM - batch removed
[2025-11-27 01:59:19,636 INFO] Step 80, cuda OOM - batch removed
[2025-11-27 01:59:19,647 INFO] Step 80, cuda OOM - batch removed
[2025-11-27 01:59:19,743 INFO] Step 80, cuda OOM - batch removed
[2025-11-27 01:59:19,866 INFO] Step 80, cuda OOM - batch removed
[2025-11-27 01:59:20,166 INFO] Step 81, cuda OOM - batch removed
[2025-11-27 01:59:20,174 INFO] Step 81, cuda OOM - batch removed
[2025-11-27 01:59:20,255 INFO] Step 81, cuda OOM - batch removed
[2025-11-27 01:59:20,338 INFO] Step 81, cuda OOM - batch removed
[2025-11-27 01:59:20,438 INFO] Step 82, cuda OOM - batch removed
[2025-11-27 01:59:20,667 INFO] Step 82, cuda OOM - batch removed
[2025-11-27 01:59:20,802 INFO] Step 82, cuda OOM - batch removed
[2025-11-27 01:59:20,849 INFO] Step 82, cuda OOM - batch removed
[2025-11-27 01:59:21,052 INFO] Step 83, cuda OOM - batch removed
[2025-11-27 01:59:21,058 INFO] Step 83, cuda OOM - batch removed
[2025-11-27 01:59:21,115 INFO] Step 83, cuda OOM - batch removed
[2025-11-27 01:59:21,178 INFO] Step 83, cuda OOM - batch removed
[2025-11-27 01:59:21,251 INFO] Step 84, cuda OOM - batch removed
[2025-11-27 01:59:21,476 INFO] Step 84, cuda OOM - batch removed
[2025-11-27 01:59:21,525 INFO] Step 84, cuda OOM - batch removed
[2025-11-27 01:59:21,579 INFO] Step 84, cuda OOM - batch removed
[2025-11-27 01:59:21,799 INFO] Step 85, cuda OOM - batch removed
[2025-11-27 01:59:21,807 INFO] Step 85, cuda OOM - batch removed
[2025-11-27 01:59:21,928 INFO] Step 85, cuda OOM - batch removed
[2025-11-27 01:59:21,938 INFO] Step 85, cuda OOM - batch removed
[2025-11-27 01:59:22,993 INFO] Step 86, cuda OOM - batch removed
[2025-11-27 01:59:23,206 INFO] Step 86, cuda OOM - batch removed
[2025-11-27 01:59:23,237 INFO] Step 86, cuda OOM - batch removed
[2025-11-27 02:25:58,492 INFO] Default transforms (might be overridden downstream): ['sentencepiece', 'filtertoolong'].
[2025-11-27 02:25:58,492 INFO] Missing transforms field for corpus_1 data, set to default: ['sentencepiece', 'filtertoolong'].
[2025-11-27 02:25:58,493 INFO] Missing transforms field for valid data, set to default: ['sentencepiece', 'filtertoolong'].
[2025-11-27 02:25:58,493 INFO] Parsed 2 corpora from -data.
[2025-11-27 02:25:58,493 INFO] Get special vocabs from Transforms: {'src': [], 'tgt': []}.
[2025-11-27 02:25:58,541 INFO] Transforms applied: ['sentencepiece', 'filtertoolong']
[2025-11-27 02:25:58,541 INFO] The first 10 tokens of the vocabs are:['<unk>', '<blank>', '<s>', '</s>', 'averyunlikelytoken0', 'averyunlikelytoken1', 'averyunlikelytoken2', 'averyunlikelytoken3']
[2025-11-27 02:25:58,541 INFO] The decoder start token is: <s>
[2025-11-27 02:25:58,541 INFO] bos_token token is: <s> id: [2]
[2025-11-27 02:25:58,541 INFO] eos_token token is: </s> id: [3]
[2025-11-27 02:25:58,541 INFO] pad_token token is: <blank> id: [1]
[2025-11-27 02:25:58,541 INFO] unk_token token is: <unk> id: [0]
[2025-11-27 02:25:58,541 INFO] Building model...
[2025-11-27 02:25:58,921 INFO] EncoderDecoderModel(
  (encoder): TransformerEncoder(
    (transformer_layers): ModuleList(
      (0-5): 6 x TransformerEncoderLayer(
        (input_layernorm): LayerNorm((512,), eps=1e-05, elementwise_affine=True)
        (self_attn): SelfMHA(
          (linear_keys): Linear(in_features=512, out_features=512, bias=False)
          (linear_values): Linear(in_features=512, out_features=512, bias=False)
          (linear_query): Linear(in_features=512, out_features=512, bias=False)
          (dropout): Dropout(p=0.1, inplace=False)
          (final_linear): Linear(in_features=512, out_features=512, bias=False)
        )
        (dropout): Dropout(p=0.1, inplace=False)
        (post_attention_layernorm): LayerNorm((512,), eps=1e-05, elementwise_affine=True)
        (mlp): MLP(
          (gate_up_proj): Linear(in_features=512, out_features=2048, bias=False)
          (down_proj): Linear(in_features=2048, out_features=512, bias=False)
          (dropout_1): Dropout(p=0.1, inplace=False)
          (dropout_2): Dropout(p=0.1, inplace=False)
        )
      )
    )
    (layer_norm): LayerNorm((512,), eps=1e-05, elementwise_affine=True)
  )
  (decoder): TransformerDecoder(
    (transformer_layers): ModuleList(
      (0-5): 6 x TransformerDecoderLayer(
        (input_layernorm): LayerNorm((512,), eps=1e-05, elementwise_affine=True)
        (self_attn): SelfMHA(
          (linear_keys): Linear(in_features=512, out_features=512, bias=False)
          (linear_values): Linear(in_features=512, out_features=512, bias=False)
          (linear_query): Linear(in_features=512, out_features=512, bias=False)
          (dropout): Dropout(p=0.1, inplace=False)
          (final_linear): Linear(in_features=512, out_features=512, bias=False)
        )
        (dropout): Dropout(p=0.1, inplace=False)
        (precontext_layernorm): LayerNorm((512,), eps=1e-05, elementwise_affine=True)
        (context_attn): ContextMHA(
          (linear_keys): Linear(in_features=512, out_features=512, bias=False)
          (linear_values): Linear(in_features=512, out_features=512, bias=False)
          (linear_query): Linear(in_features=512, out_features=512, bias=False)
          (dropout): Dropout(p=0.1, inplace=False)
          (final_linear): Linear(in_features=512, out_features=512, bias=False)
        )
        (post_attention_layernorm): LayerNorm((512,), eps=1e-05, elementwise_affine=True)
        (mlp): MLP(
          (gate_up_proj): Linear(in_features=512, out_features=2048, bias=False)
          (down_proj): Linear(in_features=2048, out_features=512, bias=False)
          (dropout_1): Dropout(p=0.1, inplace=False)
          (dropout_2): Dropout(p=0.1, inplace=False)
        )
      )
    )
    (layer_norm): LayerNorm((512,), eps=1e-05, elementwise_affine=True)
  )
  (src_emb): Embeddings(
    (embeddings): Embedding(8, 512, padding_idx=1)
    (dropout): Dropout(p=0.1, inplace=False)
    (pe): PositionalEncoding()
  )
  (tgt_emb): Embeddings(
    (embeddings): Embedding(8, 512, padding_idx=1)
    (dropout): Dropout(p=0.1, inplace=False)
    (pe): PositionalEncoding()
  )
  (generator): Linear(in_features=512, out_features=8, bias=True)
)
[2025-11-27 02:25:58,923 INFO] embeddings: 8192
[2025-11-27 02:25:58,923 INFO] encoder: 18887680
[2025-11-27 02:25:58,923 INFO] decoder: 25185280
[2025-11-27 02:25:58,923 INFO] generator: 4104
[2025-11-27 02:25:58,923 INFO] other: 0
[2025-11-27 02:25:58,923 INFO] * number of parameters: 44085256
[2025-11-27 02:25:58,923 INFO] Trainable parameters = {'torch.float32': 44085256}
[2025-11-27 02:25:58,923 INFO] Non trainable parameters = {}
[2025-11-27 02:25:58,923 INFO]  * src vocab size = 8
[2025-11-27 02:25:58,923 INFO]  * tgt vocab size = 8
[2025-11-27 02:25:58,935 INFO] Transforms applied: ['sentencepiece', 'filtertoolong']
[2025-11-27 02:25:59,003 INFO] Starting training on GPU: [0]
[2025-11-27 02:25:59,004 INFO] Start training loop and validate every 5000 steps...
[2025-11-27 02:25:59,004 INFO] Scoring with: {'sentencepiece': SentencePieceTransform(share_vocab=False, src_subword_model=models/spm.en.model, tgt_subword_model=models/spm.hi.model, src_subword_alpha=0.0, tgt_subword_alpha=0.0, src_subword_vocab=, tgt_subword_vocab=, src_vocab_threshold=0, tgt_vocab_threshold=0, src_subword_nbest=1, tgt_subword_nbest=1), 'filtertoolong': FilterTooLongTransform(src_seq_length=200, tgt_seq_length=200)}
[2025-11-27 09:50:09,003 INFO] Default transforms (might be overridden downstream): ['sentencepiece', 'filtertoolong'].
[2025-11-27 09:50:09,004 INFO] Missing transforms field for corpus_1 data, set to default: ['sentencepiece', 'filtertoolong'].
[2025-11-27 09:50:09,005 INFO] Missing transforms field for valid data, set to default: ['sentencepiece', 'filtertoolong'].
[2025-11-27 09:50:09,005 INFO] Parsed 2 corpora from -data.
[2025-11-27 09:50:09,005 INFO] Get special vocabs from Transforms: {'src': [], 'tgt': []}.
[2025-11-27 09:50:09,053 INFO] Transforms applied: ['filtertoolong', 'sentencepiece']
[2025-11-27 09:50:09,053 INFO] The first 10 tokens of the vocabs are:['<unk>', '<blank>', '<s>', '</s>', 'averyunlikelytoken0', 'averyunlikelytoken1', 'averyunlikelytoken2', 'averyunlikelytoken3']
[2025-11-27 09:50:09,053 INFO] The decoder start token is: <s>
[2025-11-27 09:50:09,053 INFO] bos_token token is: <s> id: [2]
[2025-11-27 09:50:09,053 INFO] eos_token token is: </s> id: [3]
[2025-11-27 09:50:09,053 INFO] pad_token token is: <blank> id: [1]
[2025-11-27 09:50:09,053 INFO] unk_token token is: <unk> id: [0]
[2025-11-27 09:58:14,302 INFO] Default transforms (might be overridden downstream): ['sentencepiece', 'filtertoolong'].
[2025-11-27 09:58:14,302 INFO] Missing transforms field for corpus_1 data, set to default: ['sentencepiece', 'filtertoolong'].
[2025-11-27 09:58:14,302 INFO] Missing transforms field for valid data, set to default: ['sentencepiece', 'filtertoolong'].
[2025-11-27 09:58:14,302 INFO] Parsed 2 corpora from -data.
[2025-11-27 09:58:14,302 INFO] Get special vocabs from Transforms: {'src': [], 'tgt': []}.
[2025-11-27 09:58:14,350 INFO] Transforms applied: ['sentencepiece', 'filtertoolong']
[2025-11-27 09:58:14,350 INFO] The first 10 tokens of the vocabs are:['<unk>', '<blank>', '<s>', '</s>', 'averyunlikelytoken0', 'averyunlikelytoken1', 'averyunlikelytoken2', 'averyunlikelytoken3']
[2025-11-27 09:58:14,350 INFO] The decoder start token is: <s>
[2025-11-27 09:58:14,350 INFO] bos_token token is: <s> id: [2]
[2025-11-27 09:58:14,350 INFO] eos_token token is: </s> id: [3]
[2025-11-27 09:58:14,350 INFO] pad_token token is: <blank> id: [1]
[2025-11-27 09:58:14,350 INFO] unk_token token is: <unk> id: [0]
[2025-11-27 09:58:14,350 INFO] Building model...
[2025-11-27 09:58:14,976 INFO] EncoderDecoderModel(
  (encoder): TransformerEncoder(
    (transformer_layers): ModuleList(
      (0-5): 6 x TransformerEncoderLayer(
        (input_layernorm): LayerNorm((512,), eps=1e-05, elementwise_affine=True)
        (self_attn): SelfMHA(
          (linear_keys): Linear(in_features=512, out_features=512, bias=False)
          (linear_values): Linear(in_features=512, out_features=512, bias=False)
          (linear_query): Linear(in_features=512, out_features=512, bias=False)
          (dropout): Dropout(p=0.1, inplace=False)
          (final_linear): Linear(in_features=512, out_features=512, bias=False)
        )
        (dropout): Dropout(p=0.1, inplace=False)
        (post_attention_layernorm): LayerNorm((512,), eps=1e-05, elementwise_affine=True)
        (mlp): MLP(
          (gate_up_proj): Linear(in_features=512, out_features=2048, bias=False)
          (down_proj): Linear(in_features=2048, out_features=512, bias=False)
          (dropout_1): Dropout(p=0.1, inplace=False)
          (dropout_2): Dropout(p=0.1, inplace=False)
        )
      )
    )
    (layer_norm): LayerNorm((512,), eps=1e-05, elementwise_affine=True)
  )
  (decoder): TransformerDecoder(
    (transformer_layers): ModuleList(
      (0-5): 6 x TransformerDecoderLayer(
        (input_layernorm): LayerNorm((512,), eps=1e-05, elementwise_affine=True)
        (self_attn): SelfMHA(
          (linear_keys): Linear(in_features=512, out_features=512, bias=False)
          (linear_values): Linear(in_features=512, out_features=512, bias=False)
          (linear_query): Linear(in_features=512, out_features=512, bias=False)
          (dropout): Dropout(p=0.1, inplace=False)
          (final_linear): Linear(in_features=512, out_features=512, bias=False)
        )
        (dropout): Dropout(p=0.1, inplace=False)
        (precontext_layernorm): LayerNorm((512,), eps=1e-05, elementwise_affine=True)
        (context_attn): ContextMHA(
          (linear_keys): Linear(in_features=512, out_features=512, bias=False)
          (linear_values): Linear(in_features=512, out_features=512, bias=False)
          (linear_query): Linear(in_features=512, out_features=512, bias=False)
          (dropout): Dropout(p=0.1, inplace=False)
          (final_linear): Linear(in_features=512, out_features=512, bias=False)
        )
        (post_attention_layernorm): LayerNorm((512,), eps=1e-05, elementwise_affine=True)
        (mlp): MLP(
          (gate_up_proj): Linear(in_features=512, out_features=2048, bias=False)
          (down_proj): Linear(in_features=2048, out_features=512, bias=False)
          (dropout_1): Dropout(p=0.1, inplace=False)
          (dropout_2): Dropout(p=0.1, inplace=False)
        )
      )
    )
    (layer_norm): LayerNorm((512,), eps=1e-05, elementwise_affine=True)
  )
  (src_emb): Embeddings(
    (embeddings): Embedding(8, 512, padding_idx=1)
    (dropout): Dropout(p=0.1, inplace=False)
    (pe): PositionalEncoding()
  )
  (tgt_emb): Embeddings(
    (embeddings): Embedding(8, 512, padding_idx=1)
    (dropout): Dropout(p=0.1, inplace=False)
    (pe): PositionalEncoding()
  )
  (generator): Linear(in_features=512, out_features=8, bias=True)
)
[2025-11-27 09:58:14,978 INFO] embeddings: 8192
[2025-11-27 09:58:14,978 INFO] encoder: 18887680
[2025-11-27 09:58:14,978 INFO] decoder: 25185280
[2025-11-27 09:58:14,978 INFO] generator: 4104
[2025-11-27 09:58:14,978 INFO] other: 0
[2025-11-27 09:58:14,978 INFO] * number of parameters: 44085256
[2025-11-27 09:58:14,978 INFO] Trainable parameters = {'torch.float32': 44085256}
[2025-11-27 09:58:14,978 INFO] Non trainable parameters = {}
[2025-11-27 09:58:14,978 INFO]  * src vocab size = 8
[2025-11-27 09:58:14,978 INFO]  * tgt vocab size = 8
[2025-11-27 09:58:15,196 INFO] Transforms applied: ['sentencepiece', 'filtertoolong']
[2025-11-27 09:58:15,346 INFO] Starting training on GPU: [0]
[2025-11-27 09:58:15,346 INFO] Start training loop and validate every 5000 steps...
[2025-11-27 09:58:15,346 INFO] Scoring with: {'sentencepiece': SentencePieceTransform(share_vocab=False, src_subword_model=models/spm.en.model, tgt_subword_model=models/spm.hi.model, src_subword_alpha=0.0, tgt_subword_alpha=0.0, src_subword_vocab=, tgt_subword_vocab=, src_vocab_threshold=0, tgt_vocab_threshold=0, src_subword_nbest=1, tgt_subword_nbest=1), 'filtertoolong': FilterTooLongTransform(src_seq_length=200, tgt_seq_length=200)}
[2025-11-27 10:01:07,901 INFO] Step 100/100000; acc: 86.0; ppl:  2.35; xent: 0.86; aux: 0.000; attn_ent: 0.000; lr: 1.24e-05; sents:   79607; bsz: 1548/1766/100; 7178/8187 tok/s;    173 sec;
[2025-11-27 10:03:25,758 INFO] Step 200/100000; acc: 94.7; ppl:  1.87; xent: 0.63; aux: 0.000; attn_ent: 0.000; lr: 2.47e-05; sents:   73311; bsz: 1581/1790/92; 9172/10386 tok/s;    310 sec;
[2025-11-27 10:05:44,350 INFO] Step 300/100000; acc: 94.2; ppl:  1.90; xent: 0.64; aux: 0.000; attn_ent: 0.000; lr: 3.71e-05; sents:   76336; bsz: 1557/1792/95; 8985/10346 tok/s;    449 sec;
[2025-11-27 10:08:02,894 INFO] Step 400/100000; acc: 94.4; ppl:  1.86; xent: 0.62; aux: 0.000; attn_ent: 0.000; lr: 4.94e-05; sents:   76754; bsz: 1548/1754/96; 8938/10129 tok/s;    588 sec;
[2025-11-27 10:10:22,224 INFO] Step 500/100000; acc: 94.2; ppl:  1.85; xent: 0.61; aux: 0.000; attn_ent: 0.000; lr: 6.18e-05; sents:   79611; bsz: 1546/1780/100; 8879/10218 tok/s;    727 sec;
[2025-11-27 10:12:40,987 INFO] Step 600/100000; acc: 94.5; ppl:  1.85; xent: 0.61; aux: 0.000; attn_ent: 0.000; lr: 7.41e-05; sents:   76049; bsz: 1534/1778/95; 8841/10253 tok/s;    866 sec;
[2025-11-27 10:15:01,523 INFO] Step 700/100000; acc: 94.5; ppl:  1.84; xent: 0.61; aux: 0.000; attn_ent: 0.000; lr: 8.65e-05; sents:   74443; bsz: 1570/1779/93; 8937/10128 tok/s;   1006 sec;
[2025-11-27 10:17:22,101 INFO] Step 800/100000; acc: 94.3; ppl:  1.84; xent: 0.61; aux: 0.000; attn_ent: 0.000; lr: 9.88e-05; sents:   78451; bsz: 1555/1783/98; 8852/10147 tok/s;   1147 sec;
[2025-11-27 10:19:41,482 INFO] Step 900/100000; acc: 94.5; ppl:  1.85; xent: 0.62; aux: 0.000; attn_ent: 0.000; lr: 1.11e-04; sents:   77674; bsz: 1549/1771/97; 8892/10163 tok/s;   1286 sec;
[2025-11-27 10:22:02,528 INFO] Step 1000/100000; acc: 93.7; ppl:  1.87; xent: 0.63; aux: 0.000; attn_ent: 0.000; lr: 1.24e-04; sents:   85524; bsz: 1553/1773/107; 8811/10055 tok/s;   1427 sec;
[2025-11-27 10:24:21,814 INFO] Step 1100/100000; acc: 94.4; ppl:  1.83; xent: 0.61; aux: 0.000; attn_ent: 0.000; lr: 1.36e-04; sents:   76955; bsz: 1543/1785/96; 8863/10254 tok/s;   1566 sec;
[2025-11-27 10:26:42,286 INFO] Step 1200/100000; acc: 94.2; ppl:  1.84; xent: 0.61; aux: 0.000; attn_ent: 0.000; lr: 1.48e-04; sents:   79662; bsz: 1558/1797/100; 8871/10234 tok/s;   1707 sec;
[2025-11-27 10:29:03,296 INFO] Step 1300/100000; acc: 94.4; ppl:  1.84; xent: 0.61; aux: 0.000; attn_ent: 0.000; lr: 1.61e-04; sents:   75496; bsz: 1558/1783/94; 8837/10115 tok/s;   1848 sec;
[2025-11-27 10:31:31,854 INFO] Step 1400/100000; acc: 94.6; ppl:  1.82; xent: 0.60; aux: 0.000; attn_ent: 0.000; lr: 1.73e-04; sents:   75181; bsz: 1584/1782/94; 8529/9595 tok/s;   1997 sec;
[2025-11-27 10:34:04,223 INFO] Step 1500/100000; acc: 94.5; ppl:  1.82; xent: 0.60; aux: 0.000; attn_ent: 0.000; lr: 1.85e-04; sents:   77389; bsz: 1547/1784/97; 8123/9368 tok/s;   2149 sec;
[2025-11-27 10:36:36,420 INFO] Step 1600/100000; acc: 94.9; ppl:  1.81; xent: 0.59; aux: 0.000; attn_ent: 0.000; lr: 1.98e-04; sents:   71627; bsz: 1535/1787/90; 8066/9394 tok/s;   2301 sec;
[2025-11-27 10:39:10,126 INFO] Step 1700/100000; acc: 94.6; ppl:  1.81; xent: 0.60; aux: 0.000; attn_ent: 0.000; lr: 2.10e-04; sents:   75402; bsz: 1548/1767/94; 8059/9196 tok/s;   2455 sec;
[2025-11-27 10:41:44,149 INFO] Step 1800/100000; acc: 94.7; ppl:  1.80; xent: 0.59; aux: 0.000; attn_ent: 0.000; lr: 2.22e-04; sents:   74224; bsz: 1551/1781/93; 8055/9252 tok/s;   2609 sec;
[2025-11-27 10:48:47,586 INFO] Default transforms (might be overridden downstream): ['sentencepiece', 'filtertoolong'].
[2025-11-27 10:48:47,586 INFO] Missing transforms field for corpus_1 data, set to default: ['sentencepiece', 'filtertoolong'].
[2025-11-27 10:48:47,586 INFO] Missing transforms field for valid data, set to default: ['sentencepiece', 'filtertoolong'].
[2025-11-27 10:48:47,586 INFO] Parsed 2 corpora from -data.
[2025-11-27 10:48:47,586 INFO] Get special vocabs from Transforms: {'src': [], 'tgt': []}.
[2025-11-27 10:48:47,635 INFO] Transforms applied: ['sentencepiece', 'filtertoolong']
[2025-11-27 10:48:47,635 INFO] The first 10 tokens of the vocabs are:['<unk>', '<blank>', '<s>', '</s>', 'averyunlikelytoken0', 'averyunlikelytoken1', 'averyunlikelytoken2', 'averyunlikelytoken3']
[2025-11-27 10:48:47,635 INFO] The decoder start token is: <s>
[2025-11-27 10:48:47,635 INFO] bos_token token is: <s> id: [2]
[2025-11-27 10:48:47,635 INFO] eos_token token is: </s> id: [3]
[2025-11-27 10:48:47,635 INFO] pad_token token is: <blank> id: [1]
[2025-11-27 10:48:47,635 INFO] unk_token token is: <unk> id: [0]
[2025-11-27 10:48:47,636 INFO] Building model...
[2025-11-27 10:48:48,313 INFO] EncoderDecoderModel(
  (encoder): TransformerEncoder(
    (transformer_layers): ModuleList(
      (0-5): 6 x TransformerEncoderLayer(
        (input_layernorm): LayerNorm((512,), eps=1e-05, elementwise_affine=True)
        (self_attn): SelfMHA(
          (linear_keys): Linear(in_features=512, out_features=512, bias=False)
          (linear_values): Linear(in_features=512, out_features=512, bias=False)
          (linear_query): Linear(in_features=512, out_features=512, bias=False)
          (dropout): Dropout(p=0.1, inplace=False)
          (final_linear): Linear(in_features=512, out_features=512, bias=False)
        )
        (dropout): Dropout(p=0.1, inplace=False)
        (post_attention_layernorm): LayerNorm((512,), eps=1e-05, elementwise_affine=True)
        (mlp): MLP(
          (gate_up_proj): Linear(in_features=512, out_features=2048, bias=False)
          (down_proj): Linear(in_features=2048, out_features=512, bias=False)
          (dropout_1): Dropout(p=0.1, inplace=False)
          (dropout_2): Dropout(p=0.1, inplace=False)
        )
      )
    )
    (layer_norm): LayerNorm((512,), eps=1e-05, elementwise_affine=True)
  )
  (decoder): TransformerDecoder(
    (transformer_layers): ModuleList(
      (0-5): 6 x TransformerDecoderLayer(
        (input_layernorm): LayerNorm((512,), eps=1e-05, elementwise_affine=True)
        (self_attn): SelfMHA(
          (linear_keys): Linear(in_features=512, out_features=512, bias=False)
          (linear_values): Linear(in_features=512, out_features=512, bias=False)
          (linear_query): Linear(in_features=512, out_features=512, bias=False)
          (dropout): Dropout(p=0.1, inplace=False)
          (final_linear): Linear(in_features=512, out_features=512, bias=False)
        )
        (dropout): Dropout(p=0.1, inplace=False)
        (precontext_layernorm): LayerNorm((512,), eps=1e-05, elementwise_affine=True)
        (context_attn): ContextMHA(
          (linear_keys): Linear(in_features=512, out_features=512, bias=False)
          (linear_values): Linear(in_features=512, out_features=512, bias=False)
          (linear_query): Linear(in_features=512, out_features=512, bias=False)
          (dropout): Dropout(p=0.1, inplace=False)
          (final_linear): Linear(in_features=512, out_features=512, bias=False)
        )
        (post_attention_layernorm): LayerNorm((512,), eps=1e-05, elementwise_affine=True)
        (mlp): MLP(
          (gate_up_proj): Linear(in_features=512, out_features=2048, bias=False)
          (down_proj): Linear(in_features=2048, out_features=512, bias=False)
          (dropout_1): Dropout(p=0.1, inplace=False)
          (dropout_2): Dropout(p=0.1, inplace=False)
        )
      )
    )
    (layer_norm): LayerNorm((512,), eps=1e-05, elementwise_affine=True)
  )
  (src_emb): Embeddings(
    (embeddings): Embedding(8, 512, padding_idx=1)
    (dropout): Dropout(p=0.1, inplace=False)
    (pe): PositionalEncoding()
  )
  (tgt_emb): Embeddings(
    (embeddings): Embedding(8, 512, padding_idx=1)
    (dropout): Dropout(p=0.1, inplace=False)
    (pe): PositionalEncoding()
  )
  (generator): Linear(in_features=512, out_features=8, bias=True)
)
[2025-11-27 10:48:48,315 INFO] embeddings: 8192
[2025-11-27 10:48:48,315 INFO] encoder: 18887680
[2025-11-27 10:48:48,315 INFO] decoder: 25185280
[2025-11-27 10:48:48,315 INFO] generator: 4104
[2025-11-27 10:48:48,315 INFO] other: 0
[2025-11-27 10:48:48,315 INFO] * number of parameters: 44085256
[2025-11-27 10:48:48,315 INFO] Trainable parameters = {'torch.float32': 44085256}
[2025-11-27 10:48:48,316 INFO] Non trainable parameters = {}
[2025-11-27 10:48:48,316 INFO]  * src vocab size = 8
[2025-11-27 10:48:48,316 INFO]  * tgt vocab size = 8
[2025-11-27 10:48:48,569 INFO] Transforms applied: ['sentencepiece', 'filtertoolong']
[2025-11-27 10:48:48,718 INFO] Starting training on GPU: [0]
[2025-11-27 10:48:48,718 INFO] Start training loop and validate every 5000 steps...
[2025-11-27 10:48:48,718 INFO] Scoring with: {'sentencepiece': SentencePieceTransform(share_vocab=False, src_subword_model=models/spm.en.model, tgt_subword_model=models/spm.hi.model, src_subword_alpha=0.0, tgt_subword_alpha=0.0, src_subword_vocab=, tgt_subword_vocab=, src_vocab_threshold=0, tgt_vocab_threshold=0, src_subword_nbest=1, tgt_subword_nbest=1), 'filtertoolong': FilterTooLongTransform(src_seq_length=200, tgt_seq_length=200)}
[2025-11-27 10:51:49,004 INFO] Step 100/ 2000; acc: 86.2; ppl:  2.35; xent: 0.85; aux: 0.000; attn_ent: 0.000; lr: 1.24e-05; sents:   79760; bsz: 1555/1776/100; 6901/7883 tok/s;    180 sec;
[2025-11-27 10:54:18,711 INFO] Step 200/ 2000; acc: 94.7; ppl:  1.87; xent: 0.63; aux: 0.000; attn_ent: 0.000; lr: 2.47e-05; sents:   72428; bsz: 1565/1779/91; 8363/9509 tok/s;    330 sec;
[2025-11-27 10:56:52,099 INFO] Step 300/ 2000; acc: 94.3; ppl:  1.89; xent: 0.64; aux: 0.000; attn_ent: 0.000; lr: 3.71e-05; sents:   74855; bsz: 1539/1782/94; 8026/9294 tok/s;    483 sec;
[2025-11-27 10:59:28,135 INFO] Step 400/ 2000; acc: 94.4; ppl:  1.85; xent: 0.62; aux: 0.000; attn_ent: 0.000; lr: 4.94e-05; sents:   77180; bsz: 1564/1773/96; 8019/9089 tok/s;    639 sec;
[2025-11-27 11:02:07,541 INFO] Step 500/ 2000; acc: 94.3; ppl:  1.85; xent: 0.62; aux: 0.000; attn_ent: 0.000; lr: 6.18e-05; sents:   78953; bsz: 1552/1783/99; 7790/8950 tok/s;    799 sec;
[2025-11-27 11:04:47,442 INFO] Step 600/ 2000; acc: 94.4; ppl:  1.85; xent: 0.61; aux: 0.000; attn_ent: 0.000; lr: 7.41e-05; sents:   78061; bsz: 1532/1777/98; 7665/8889 tok/s;    959 sec;
[2025-11-27 11:07:29,315 INFO] Step 700/ 2000; acc: 94.5; ppl:  1.84; xent: 0.61; aux: 0.000; attn_ent: 0.000; lr: 8.65e-05; sents:   73632; bsz: 1563/1761/92; 7725/8702 tok/s;   1121 sec;
[2025-11-27 11:10:10,908 INFO] Step 800/ 2000; acc: 94.3; ppl:  1.84; xent: 0.61; aux: 0.000; attn_ent: 0.000; lr: 9.88e-05; sents:   79321; bsz: 1557/1789/99; 7709/8856 tok/s;   1282 sec;
[2025-11-27 11:12:51,522 INFO] Step 900/ 2000; acc: 94.3; ppl:  1.89; xent: 0.64; aux: 0.000; attn_ent: 0.000; lr: 1.11e-04; sents:   78627; bsz: 1539/1761/98; 7668/8769 tok/s;   1443 sec;
[2025-11-27 11:15:33,970 INFO] Step 1000/ 2000; acc: 93.7; ppl:  1.87; xent: 0.62; aux: 0.000; attn_ent: 0.000; lr: 1.24e-04; sents:   86191; bsz: 1555/1775/108; 7657/8739 tok/s;   1605 sec;
[2025-11-27 11:18:14,057 INFO] Step 1100/ 2000; acc: 94.6; ppl:  1.84; xent: 0.61; aux: 0.000; attn_ent: 0.000; lr: 1.36e-04; sents:   76017; bsz: 1544/1794/95; 7714/8965 tok/s;   1765 sec;
[2025-11-27 11:20:55,313 INFO] Step 1200/ 2000; acc: 94.2; ppl:  1.83; xent: 0.61; aux: 0.000; attn_ent: 0.000; lr: 1.48e-04; sents:   79527; bsz: 1541/1787/99; 7647/8864 tok/s;   1927 sec;
[2025-11-27 11:23:36,400 INFO] Step 1300/ 2000; acc: 94.4; ppl:  1.83; xent: 0.60; aux: 0.000; attn_ent: 0.000; lr: 1.61e-04; sents:   76442; bsz: 1571/1784/96; 7801/8862 tok/s;   2088 sec;
[2025-11-27 11:26:13,094 INFO] Step 1400/ 2000; acc: 94.5; ppl:  1.81; xent: 0.59; aux: 0.000; attn_ent: 0.000; lr: 1.73e-04; sents:   74965; bsz: 1565/1778/94; 7988/9077 tok/s;   2244 sec;
[2025-11-27 11:28:36,585 INFO] Step 1500/ 2000; acc: 94.4; ppl:  1.82; xent: 0.60; aux: 0.000; attn_ent: 0.000; lr: 1.85e-04; sents:   77633; bsz: 1562/1791/97; 8707/9984 tok/s;   2388 sec;
[2025-11-27 11:30:56,542 INFO] Step 1600/ 2000; acc: 94.9; ppl:  1.81; xent: 0.59; aux: 0.000; attn_ent: 0.000; lr: 1.98e-04; sents:   71593; bsz: 1536/1774/89; 8780/10138 tok/s;   2528 sec;
[2025-11-27 11:33:16,623 INFO] Step 1700/ 2000; acc: 94.7; ppl:  1.80; xent: 0.59; aux: 0.000; attn_ent: 0.000; lr: 2.10e-04; sents:   75550; bsz: 1560/1787/94; 8907/10204 tok/s;   2668 sec;
[2025-11-27 11:35:36,344 INFO] Step 1800/ 2000; acc: 94.8; ppl:  1.80; xent: 0.59; aux: 0.000; attn_ent: 0.000; lr: 2.22e-04; sents:   73363; bsz: 1539/1773/92; 8814/10152 tok/s;   2808 sec;
[2025-11-27 11:37:57,035 INFO] Step 1900/ 2000; acc: 93.8; ppl:  1.84; xent: 0.61; aux: 0.000; attn_ent: 0.000; lr: 2.35e-04; sents:   84769; bsz: 1536/1766/106; 8736/10040 tok/s;   2948 sec;
[2025-11-27 11:40:18,205 INFO] Step 2000/ 2000; acc: 94.3; ppl:  1.83; xent: 0.60; aux: 0.000; attn_ent: 0.000; lr: 2.47e-04; sents:   78555; bsz: 1587/1777/98; 8991/10073 tok/s;   3089 sec;
[2025-11-27 11:40:20,057 INFO] Saving optimizer and weights to step_2000, and symlink to models/eole_model
[2025-11-27 11:40:20,583 INFO] Saving transforms artifacts, if any, to models/eole_model/step_2000
[2025-11-27 11:40:20,587 INFO] Saving config and vocab to models/eole_model
[2025-11-27 13:41:41,091 INFO] Default transforms (might be overridden downstream): ['sentencepiece', 'filtertoolong'].
[2025-11-27 13:41:41,091 INFO] Missing transforms field for corpus_1 data, set to default: ['sentencepiece', 'filtertoolong'].
[2025-11-27 13:41:41,091 INFO] Missing transforms field for valid data, set to default: ['sentencepiece', 'filtertoolong'].
[2025-11-27 13:41:41,091 INFO] Parsed 2 corpora from -data.
[2025-11-27 13:41:41,092 INFO] Get special vocabs from Transforms: {'src': [], 'tgt': []}.
[2025-11-27 13:41:41,143 INFO] Transforms applied: ['filtertoolong', 'sentencepiece']
[2025-11-27 13:41:41,143 INFO] The first 10 tokens of the vocabs are:['<unk>', '<blank>', '<s>', '</s>', 'averyunlikelytoken0', 'averyunlikelytoken1', 'averyunlikelytoken2', 'averyunlikelytoken3']
[2025-11-27 13:41:41,144 INFO] The decoder start token is: <s>
[2025-11-27 13:41:41,144 INFO] bos_token token is: <s> id: [2]
[2025-11-27 13:41:41,144 INFO] eos_token token is: </s> id: [3]
[2025-11-27 13:41:41,144 INFO] pad_token token is: <blank> id: [1]
[2025-11-27 13:41:41,144 INFO] unk_token token is: <unk> id: [0]
[2025-11-27 13:41:41,144 INFO] Building model...
[2025-11-27 13:41:41,744 INFO] EncoderDecoderModel(
  (encoder): TransformerEncoder(
    (transformer_layers): ModuleList(
      (0-5): 6 x TransformerEncoderLayer(
        (input_layernorm): LayerNorm((512,), eps=1e-05, elementwise_affine=True)
        (self_attn): SelfMHA(
          (linear_keys): Linear(in_features=512, out_features=512, bias=False)
          (linear_values): Linear(in_features=512, out_features=512, bias=False)
          (linear_query): Linear(in_features=512, out_features=512, bias=False)
          (dropout): Dropout(p=0.1, inplace=False)
          (final_linear): Linear(in_features=512, out_features=512, bias=False)
        )
        (dropout): Dropout(p=0.1, inplace=False)
        (post_attention_layernorm): LayerNorm((512,), eps=1e-05, elementwise_affine=True)
        (mlp): MLP(
          (gate_up_proj): Linear(in_features=512, out_features=2048, bias=False)
          (down_proj): Linear(in_features=2048, out_features=512, bias=False)
          (dropout_1): Dropout(p=0.1, inplace=False)
          (dropout_2): Dropout(p=0.1, inplace=False)
        )
      )
    )
    (layer_norm): LayerNorm((512,), eps=1e-05, elementwise_affine=True)
  )
  (decoder): TransformerDecoder(
    (transformer_layers): ModuleList(
      (0-5): 6 x TransformerDecoderLayer(
        (input_layernorm): LayerNorm((512,), eps=1e-05, elementwise_affine=True)
        (self_attn): SelfMHA(
          (linear_keys): Linear(in_features=512, out_features=512, bias=False)
          (linear_values): Linear(in_features=512, out_features=512, bias=False)
          (linear_query): Linear(in_features=512, out_features=512, bias=False)
          (dropout): Dropout(p=0.1, inplace=False)
          (final_linear): Linear(in_features=512, out_features=512, bias=False)
        )
        (dropout): Dropout(p=0.1, inplace=False)
        (precontext_layernorm): LayerNorm((512,), eps=1e-05, elementwise_affine=True)
        (context_attn): ContextMHA(
          (linear_keys): Linear(in_features=512, out_features=512, bias=False)
          (linear_values): Linear(in_features=512, out_features=512, bias=False)
          (linear_query): Linear(in_features=512, out_features=512, bias=False)
          (dropout): Dropout(p=0.1, inplace=False)
          (final_linear): Linear(in_features=512, out_features=512, bias=False)
        )
        (post_attention_layernorm): LayerNorm((512,), eps=1e-05, elementwise_affine=True)
        (mlp): MLP(
          (gate_up_proj): Linear(in_features=512, out_features=2048, bias=False)
          (down_proj): Linear(in_features=2048, out_features=512, bias=False)
          (dropout_1): Dropout(p=0.1, inplace=False)
          (dropout_2): Dropout(p=0.1, inplace=False)
        )
      )
    )
    (layer_norm): LayerNorm((512,), eps=1e-05, elementwise_affine=True)
  )
  (src_emb): Embeddings(
    (embeddings): Embedding(8, 512, padding_idx=1)
    (dropout): Dropout(p=0.1, inplace=False)
    (pe): PositionalEncoding()
  )
  (tgt_emb): Embeddings(
    (embeddings): Embedding(8, 512, padding_idx=1)
    (dropout): Dropout(p=0.1, inplace=False)
    (pe): PositionalEncoding()
  )
  (generator): Linear(in_features=512, out_features=8, bias=True)
)
[2025-11-27 13:41:41,746 INFO] embeddings: 8192
[2025-11-27 13:41:41,746 INFO] encoder: 18887680
[2025-11-27 13:41:41,746 INFO] decoder: 25185280
[2025-11-27 13:41:41,746 INFO] generator: 4104
[2025-11-27 13:41:41,746 INFO] other: 0
[2025-11-27 13:41:41,746 INFO] * number of parameters: 44085256
[2025-11-27 13:41:41,746 INFO] Trainable parameters = {'torch.float32': 44085256}
[2025-11-27 13:41:41,746 INFO] Non trainable parameters = {}
[2025-11-27 13:41:41,746 INFO]  * src vocab size = 8
[2025-11-27 13:41:41,746 INFO]  * tgt vocab size = 8
[2025-11-27 13:41:41,972 INFO] Transforms applied: ['sentencepiece', 'filtertoolong']
[2025-11-27 13:41:42,113 INFO] Starting training on GPU: [0]
[2025-11-27 13:41:42,113 INFO] Start training loop and validate every 5000 steps...
[2025-11-27 13:41:42,113 INFO] Scoring with: {'sentencepiece': SentencePieceTransform(share_vocab=False, src_subword_model=models/spm.en.model, tgt_subword_model=models/spm.hi.model, src_subword_alpha=0.0, tgt_subword_alpha=0.0, src_subword_vocab=, tgt_subword_vocab=, src_vocab_threshold=0, tgt_vocab_threshold=0, src_subword_nbest=1, tgt_subword_nbest=1), 'filtertoolong': FilterTooLongTransform(src_seq_length=200, tgt_seq_length=200)}
[2025-11-27 13:44:37,761 INFO] Step 100/ 2000; acc: 86.2; ppl:  2.35; xent: 0.85; aux: 0.000; attn_ent: 0.000; lr: 1.24e-05; sents:   79760; bsz: 1555/1776/100; 7083/8091 tok/s;    176 sec;
[2025-11-27 13:46:57,221 INFO] Step 200/ 2000; acc: 94.7; ppl:  1.87; xent: 0.63; aux: 0.000; attn_ent: 0.000; lr: 2.47e-05; sents:   72428; bsz: 1565/1779/91; 8977/10208 tok/s;    315 sec;
[2025-11-27 13:49:17,624 INFO] Step 300/ 2000; acc: 94.3; ppl:  1.89; xent: 0.64; aux: 0.000; attn_ent: 0.000; lr: 3.71e-05; sents:   74855; bsz: 1539/1782/94; 8768/10154 tok/s;    456 sec;
[2025-11-27 13:51:41,077 INFO] Step 400/ 2000; acc: 94.4; ppl:  1.85; xent: 0.62; aux: 0.000; attn_ent: 0.000; lr: 4.94e-05; sents:   77180; bsz: 1564/1773/96; 8723/9886 tok/s;    599 sec;
[2025-11-27 13:56:10,126 INFO] Default transforms (might be overridden downstream): ['sentencepiece', 'filtertoolong'].
[2025-11-27 13:56:10,126 INFO] Missing transforms field for corpus_1 data, set to default: ['sentencepiece', 'filtertoolong'].
[2025-11-27 13:56:10,126 INFO] Missing transforms field for valid data, set to default: ['sentencepiece', 'filtertoolong'].
[2025-11-27 13:56:10,126 INFO] Parsed 2 corpora from -data.
[2025-11-27 13:56:10,126 INFO] Get special vocabs from Transforms: {'src': [], 'tgt': []}.
[2025-11-27 13:56:10,174 INFO] Transforms applied: ['filtertoolong', 'sentencepiece']
[2025-11-27 13:56:10,174 INFO] The first 10 tokens of the vocabs are:['<unk>', '<blank>', '<s>', '</s>', 'averyunlikelytoken0', 'averyunlikelytoken1', 'averyunlikelytoken2', 'averyunlikelytoken3']
[2025-11-27 13:56:10,174 INFO] The decoder start token is: <s>
[2025-11-27 13:56:10,174 INFO] bos_token token is: <s> id: [2]
[2025-11-27 13:56:10,174 INFO] eos_token token is: </s> id: [3]
[2025-11-27 13:56:10,174 INFO] pad_token token is: <blank> id: [1]
[2025-11-27 13:56:10,175 INFO] unk_token token is: <unk> id: [0]
[2025-11-27 13:56:10,175 INFO] Building model...
[2025-11-27 13:56:10,786 INFO] EncoderDecoderModel(
  (encoder): TransformerEncoder(
    (transformer_layers): ModuleList(
      (0-5): 6 x TransformerEncoderLayer(
        (input_layernorm): LayerNorm((512,), eps=1e-05, elementwise_affine=True)
        (self_attn): SelfMHA(
          (linear_keys): Linear(in_features=512, out_features=512, bias=False)
          (linear_values): Linear(in_features=512, out_features=512, bias=False)
          (linear_query): Linear(in_features=512, out_features=512, bias=False)
          (dropout): Dropout(p=0.1, inplace=False)
          (final_linear): Linear(in_features=512, out_features=512, bias=False)
        )
        (dropout): Dropout(p=0.1, inplace=False)
        (post_attention_layernorm): LayerNorm((512,), eps=1e-05, elementwise_affine=True)
        (mlp): MLP(
          (gate_up_proj): Linear(in_features=512, out_features=2048, bias=False)
          (down_proj): Linear(in_features=2048, out_features=512, bias=False)
          (dropout_1): Dropout(p=0.1, inplace=False)
          (dropout_2): Dropout(p=0.1, inplace=False)
        )
      )
    )
    (layer_norm): LayerNorm((512,), eps=1e-05, elementwise_affine=True)
  )
  (decoder): TransformerDecoder(
    (transformer_layers): ModuleList(
      (0-5): 6 x TransformerDecoderLayer(
        (input_layernorm): LayerNorm((512,), eps=1e-05, elementwise_affine=True)
        (self_attn): SelfMHA(
          (linear_keys): Linear(in_features=512, out_features=512, bias=False)
          (linear_values): Linear(in_features=512, out_features=512, bias=False)
          (linear_query): Linear(in_features=512, out_features=512, bias=False)
          (dropout): Dropout(p=0.1, inplace=False)
          (final_linear): Linear(in_features=512, out_features=512, bias=False)
        )
        (dropout): Dropout(p=0.1, inplace=False)
        (precontext_layernorm): LayerNorm((512,), eps=1e-05, elementwise_affine=True)
        (context_attn): ContextMHA(
          (linear_keys): Linear(in_features=512, out_features=512, bias=False)
          (linear_values): Linear(in_features=512, out_features=512, bias=False)
          (linear_query): Linear(in_features=512, out_features=512, bias=False)
          (dropout): Dropout(p=0.1, inplace=False)
          (final_linear): Linear(in_features=512, out_features=512, bias=False)
        )
        (post_attention_layernorm): LayerNorm((512,), eps=1e-05, elementwise_affine=True)
        (mlp): MLP(
          (gate_up_proj): Linear(in_features=512, out_features=2048, bias=False)
          (down_proj): Linear(in_features=2048, out_features=512, bias=False)
          (dropout_1): Dropout(p=0.1, inplace=False)
          (dropout_2): Dropout(p=0.1, inplace=False)
        )
      )
    )
    (layer_norm): LayerNorm((512,), eps=1e-05, elementwise_affine=True)
  )
  (src_emb): Embeddings(
    (embeddings): Embedding(8, 512, padding_idx=1)
    (dropout): Dropout(p=0.1, inplace=False)
    (pe): PositionalEncoding()
  )
  (tgt_emb): Embeddings(
    (embeddings): Embedding(8, 512, padding_idx=1)
    (dropout): Dropout(p=0.1, inplace=False)
    (pe): PositionalEncoding()
  )
  (generator): Linear(in_features=512, out_features=8, bias=True)
)
[2025-11-27 13:56:10,789 INFO] embeddings: 8192
[2025-11-27 13:56:10,789 INFO] encoder: 18887680
[2025-11-27 13:56:10,789 INFO] decoder: 25185280
[2025-11-27 13:56:10,789 INFO] generator: 4104
[2025-11-27 13:56:10,789 INFO] other: 0
[2025-11-27 13:56:10,789 INFO] * number of parameters: 44085256
[2025-11-27 13:56:10,789 INFO] Trainable parameters = {'torch.float32': 44085256}
[2025-11-27 13:56:10,789 INFO] Non trainable parameters = {}
[2025-11-27 13:56:10,789 INFO]  * src vocab size = 8
[2025-11-27 13:56:10,789 INFO]  * tgt vocab size = 8
[2025-11-27 13:56:11,019 INFO] Transforms applied: ['sentencepiece', 'filtertoolong']
[2025-11-27 13:56:11,151 INFO] Starting training on GPU: [0]
[2025-11-27 13:56:11,151 INFO] Start training loop and validate every 5000 steps...
[2025-11-27 13:56:11,152 INFO] Scoring with: {'sentencepiece': SentencePieceTransform(share_vocab=False, src_subword_model=models/spm.en.model, tgt_subword_model=models/spm.hi.model, src_subword_alpha=0.0, tgt_subword_alpha=0.0, src_subword_vocab=, tgt_subword_vocab=, src_vocab_threshold=0, tgt_vocab_threshold=0, src_subword_nbest=1, tgt_subword_nbest=1), 'filtertoolong': FilterTooLongTransform(src_seq_length=200, tgt_seq_length=200)}
[2025-11-27 13:59:16,150 INFO] Step 100/ 2000; acc: 86.1; ppl:  2.35; xent: 0.86; aux: 0.000; attn_ent: 0.000; lr: 1.24e-05; sents:   80577; bsz: 1555/1773/101; 6725/7669 tok/s;    185 sec;
[2025-11-27 14:01:35,459 INFO] Step 200/ 2000; acc: 94.7; ppl:  1.87; xent: 0.63; aux: 0.000; attn_ent: 0.000; lr: 2.47e-05; sents:   72902; bsz: 1553/1780/91; 8920/10224 tok/s;    324 sec;
[2025-11-27 14:03:56,026 INFO] Step 300/ 2000; acc: 94.2; ppl:  1.89; xent: 0.64; aux: 0.000; attn_ent: 0.000; lr: 3.71e-05; sents:   76969; bsz: 1550/1789/96; 8820/10182 tok/s;    465 sec;
[2025-11-27 14:06:19,359 INFO] Step 400/ 2000; acc: 94.3; ppl:  1.85; xent: 0.62; aux: 0.000; attn_ent: 0.000; lr: 4.94e-05; sents:   77327; bsz: 1557/1766/97; 8692/9857 tok/s;    608 sec;
[2025-11-27 14:08:43,219 INFO] Step 500/ 2000; acc: 94.3; ppl:  1.84; xent: 0.61; aux: 0.000; attn_ent: 0.000; lr: 6.18e-05; sents:   76560; bsz: 1527/1775/96; 8492/9873 tok/s;    752 sec;
[2025-11-27 14:11:08,396 INFO] Step 600/ 2000; acc: 94.5; ppl:  1.84; xent: 0.61; aux: 0.000; attn_ent: 0.000; lr: 7.41e-05; sents:   77587; bsz: 1552/1786/97; 8551/9844 tok/s;    897 sec;
[2025-11-27 14:13:35,865 INFO] Step 700/ 2000; acc: 94.4; ppl:  1.84; xent: 0.61; aux: 0.000; attn_ent: 0.000; lr: 8.65e-05; sents:   74409; bsz: 1572/1766/93; 8527/9579 tok/s;   1045 sec;
[2025-11-27 14:16:02,204 INFO] Step 800/ 2000; acc: 94.3; ppl:  1.83; xent: 0.61; aux: 0.000; attn_ent: 0.000; lr: 9.88e-05; sents:   78002; bsz: 1545/1783/98; 8445/9750 tok/s;   1191 sec;
[2025-11-27 14:18:27,987 INFO] Step 900/ 2000; acc: 94.5; ppl:  1.83; xent: 0.60; aux: 0.000; attn_ent: 0.000; lr: 1.11e-04; sents:   78934; bsz: 1538/1775/99; 8442/9741 tok/s;   1337 sec;
[2025-11-27 14:20:55,246 INFO] Step 1000/ 2000; acc: 93.7; ppl:  1.84; xent: 0.61; aux: 0.000; attn_ent: 0.000; lr: 1.24e-04; sents:   84499; bsz: 1560/1773/106; 8474/9632 tok/s;   1484 sec;
[2025-11-27 14:23:20,301 INFO] Step 1100/ 2000; acc: 94.5; ppl:  1.83; xent: 0.61; aux: 0.000; attn_ent: 0.000; lr: 1.36e-04; sents:   77126; bsz: 1543/1779/96; 8508/9810 tok/s;   1629 sec;
[2025-11-27 14:25:47,503 INFO] Step 1200/ 2000; acc: 94.3; ppl:  1.82; xent: 0.60; aux: 0.000; attn_ent: 0.000; lr: 1.48e-04; sents:   79375; bsz: 1556/1793/99; 8458/9743 tok/s;   1776 sec;
[2025-11-27 14:28:14,208 INFO] Step 1300/ 2000; acc: 94.4; ppl:  1.84; xent: 0.61; aux: 0.000; attn_ent: 0.000; lr: 1.61e-04; sents:   76134; bsz: 1571/1787/95; 8565/9743 tok/s;   1923 sec;
[2025-11-27 14:30:41,223 INFO] Step 1400/ 2000; acc: 94.8; ppl:  1.81; xent: 0.59; aux: 0.000; attn_ent: 0.000; lr: 1.73e-04; sents:   75040; bsz: 1583/1785/94; 8616/9715 tok/s;   2070 sec;
[2025-11-27 14:33:07,749 INFO] Step 1500/ 2000; acc: 94.4; ppl:  1.82; xent: 0.60; aux: 0.000; attn_ent: 0.000; lr: 1.85e-04; sents:   77760; bsz: 1568/1779/97; 8563/9711 tok/s;   2217 sec;
[2025-11-27 14:35:32,429 INFO] Step 1600/ 2000; acc: 95.0; ppl:  1.80; xent: 0.59; aux: 0.000; attn_ent: 0.000; lr: 1.98e-04; sents:   71848; bsz: 1524/1774/90; 8426/9807 tok/s;   2361 sec;
[2025-11-27 14:37:58,483 INFO] Step 1700/ 2000; acc: 94.8; ppl:  1.80; xent: 0.59; aux: 0.000; attn_ent: 0.000; lr: 2.10e-04; sents:   74900; bsz: 1561/1780/94; 8551/9750 tok/s;   2507 sec;
[2025-11-27 14:40:24,080 INFO] Step 1800/ 2000; acc: 94.7; ppl:  1.80; xent: 0.59; aux: 0.000; attn_ent: 0.000; lr: 2.22e-04; sents:   74817; bsz: 1544/1785/94; 8486/9807 tok/s;   2653 sec;
[2025-11-27 14:42:51,098 INFO] Step 1900/ 2000; acc: 94.0; ppl:  1.82; xent: 0.60; aux: 0.000; attn_ent: 0.000; lr: 2.35e-04; sents:   83771; bsz: 1531/1767/105; 8328/9615 tok/s;   2800 sec;
[2025-11-27 14:45:16,790 INFO] Step 2000/ 2000; acc: 94.3; ppl:  1.82; xent: 0.60; aux: 0.000; attn_ent: 0.000; lr: 2.47e-04; sents:   79121; bsz: 1580/1775/99; 8677/9747 tok/s;   2946 sec;
[2025-11-27 14:45:18,524 INFO] Saving optimizer and weights to step_2000, and symlink to models/eole_model
[2025-11-27 14:45:19,848 INFO] Saving transforms artifacts, if any, to models/eole_model/step_2000
[2025-11-27 14:45:19,851 INFO] Saving config and vocab to models/eole_model
